// Jest Snapshot v1, https://goo.gl/fbAQLP

exports[`Should not break this crazy logic 1`] = `"Elemento 3Elemento 1Elemento 2Elemento 4"`;

exports[`Should not break this crazy logic 2`] = `"Elemento 3Elemento 2Elemento 4"`;

exports[`Should not break this crazy logic 3`] = `"Elemento 3Elemento 4"`;

exports[`Should not break this crazy logic 4`] = `"Elemento 3"`;
